---
source: ui/tui/src/render/mod.rs
expression: screen_text(&buf)
---
╭ hub errors ──────────────────────────────────────────────────────────────────╮
│● check / fmt · failed                                                        │
│● check / fmt · failed                                                        │
│                                                                              │
│                                                                              │
│                                                                              │
│                                                                              │
│                                                                              │
│                                                                              │
│                                                                              │
│                                                                              │
│                                                                              │
│                                                                              │
╰──────────────────────────────────────────────────────────────────────────────╯
2/2 · [↩] open · [i] investigate
