---
source: ui/tui/src/render/mod.rs
expression: screen_text(&buf)
---
╭ PRs ────────────────────────────────────────────────────────────────────────────────────────────────────────────────────────────────────────────────────────────────────────────────────────────╮
│No PRs.                                                                                                                                                                                          │
│                                                                                                                                                                                                 │
│                                                                                                                                                                                                 │
│                                                                                                                                                                                                 │
│                                                                                                                                                                                                 │
│                                                                                                                                                                                                 │
│                                                                                                                                                                                                 │
│                                                                                                                                                                                                 │
│                                                                                                                                                                                                 │
│                                                                                                                                                                                                 │
│                                                                                                                                                                                                 │
│                                                                                                                                                                                                 │
│                                                                                                                                                                                                 │
│                                                                                                                                                                                                 │
│                                                                                                                                                                                                 │
│                                                                                                                                                                                                 │
│                                                                                                                                                                                                 │
│                                                                                                                                                                                                 │
│                                                                                                                                                                                                 │
│                                                                                                                                                                                                 │
│                                                                                                                                                                                                 │
│                                                                                                                                                                                                 │
│                                                                                                                                                                                                 │
│                                                                                                                                                                                                 │
│                                                                                                                                                                                                 │
│                                                                                                                                                                                                 │
│                                                                                                                                                                                                 │
│                                                                                                                                                                                                 │
│                                                                                                                                                                                                 │
│                                                                                                                                                                                                 │
│                                                                                                                                                                                                 │
│                                                                                                                                                                                                 │
│                                                                                                                                                                                                 │
│                                                                                                                                                                                                 │
│                                                                                                                                                                                                 │
│                                                                                                                                                                                                 │
│                                                                                                                                                                                                 │
╰─────────────────────────────────────────────────────────────────────────────────────────────────────────────────────────────────────────────────────────────────────────────────────────────────╯
  [Esc] back
