---
source: ui/tui/src/render/mod.rs
expression: screen_text(&buf)
---
╭ #99 · Fix typo in README ────────────────────────────────────── @ooloth · 5h ╮
│                                                                              │
│(no description)                                                              │
│                                                                              │
│                                                                              │
│                                                                              │
│                                                                              │
│                                                                              │
│                                                                              │
│                                                                              │
│                                                                              │
│                                                                              │
│                                                                              │
╰ 0 reviews ─────────────────────────────────────────────────────── ooloth/hub ╯
  [↩] open · [i] investigate · [l] lazygit · [v] review · [m] merge · [Esc] bac
