---
source: ui/tui/src/render/mod.rs
expression: screen_text(&buf)
---
╭ All ─────────────────────────────────────────────────────────────────────────╮
│CI · ▾ check / fmt · failed (2)                               ooloth/hub · now│
│CI ·   check / fmt · failed                                   ooloth/hub · now│
│CI ·   check / fmt · failed                                   ooloth/hub · now│
│                                                                              │
│                                                                              │
│                                                                              │
│                                                                              │
│                                                                              │
│                                                                              │
│                                                                              │
│                                                                              │
│                                                                              │
╰──────────────────────────────────────────────────────────────────────────────╯
 3/1 · [↩] open · [i] investigate
