---
source: ui/tui/src/render/mod.rs
expression: screen_text(&buf)
---
╭ #99 · Fix typo in README ──────────────────────────────────────── ooloth/hub ╮
│                                                                              │
│(no description)                                                              │
│                                                                              │
│                                                                              │
│                                                                              │
│                                                                              │
│                                                                              │
╰ Changes requested ───────────────────────────────────────────── @ooloth · 5h ╯
  [↩] open · [i] investigate · [l] lazygit · [v] review · [m] merge · [Esc] bac
