---
source: ui/tui/src/render/mod.rs
expression: screen_text(&buf)
---
╭───────────────────────────────────────────────┬──────────────────────────────╮
│                                               │   checks     (none)          │
│## Summary                                     │   status     0 reviews       │
│                                               │   comments   2 comments      │
│Adds a detail screen for PRs.                  │   diff       +3 −1 in 2 files│
│                                               │   author     @ooloth         │
│## Why                                         │   updated    1d ago          │
│                                               │   repo       ooloth/hub      │
│Readability from terminal without leaving the  │   branch     feat/pr-detail  │
│TUI.                                           │                              │
│                                               │                              │
│── src/main.rs ───────────────────────── +3 -1 │                              │
│                                               │                              │
│@@ -10,7 +10,9 @@                              │                              │
│ context                                       │                              │
│-old line                                      │                              │
│+new line                                      │                              │
│                                               │                              │
│ @reviewer · 2d                                │                              │
│ Why not use a constant here?                  │                              │
│                                               │                              │
│+another new                                   │                              │
│+third new                                     │                              │
│                                               │                              │
│ @reviewer2 · 3h                               │                              │
│ Overall LGTM.                                 │                              │
│                                               │                              │
│                                               │                              │
│── assets/logo.png ───────────────────── +0 -0 │                              │
│ (binary)                                      │                              │
│                                               │                              │
│                                               │                              │
│                                               │                              │
│                                               │                              │
│                                               │                              │
│                                               │                              │
│                                               │                              │
│                                               │                              │
╰───────────────────────────────────────────────┴──────────────────────────────╯
  [o] open · [d] diff · [v] review · [m] merge · [i] ask · [Esc] back
