---
source: ui/tui/src/render/mod.rs
expression: screen_text(&buf)
---
╭ All ─────────────────────────────────────────────────────────────────────────╮
│● check / fmt · failed — ooloth/hub                                           │
├──────────────────────────────────────────────────────────────────────────────┤
│● Fix [TO REVIEW] (#1) — owner/repo  ↩ to open                                │
│                                                                              │
│                                                                              │
│                                                                              │
│                                                                              │
│                                                                              │
│                                                                              │
│                                                                              │
│                                                                              │
│                                                                              │
╰──────────────────────────────────────────────────────────────────────────────╯
2/2 · Press ↩ to open https://github.com/owner/repo/pull/1
