---
source: ui/tui/src/render/mod.rs
expression: screen_text(&buf)
---
╭ Add PrDetail screen … ──────────────────────────────────── ooloth/hub · #102 ╮
│                                                                              │
│## Summary                                                                    │
│                                                                              │
│Adds a detail screen for PRs.                                                 │
│                                                                              │
│## Why                                                                        │
│                                                                              │
╰ 1 approval · 2 comments ─────────────────────────────────────── @ooloth · 1d ╯
  [↩] open · [i] investigate · [l] lazygit · [v] review · [m] merge · [Esc] bac
