---
source: ui/tui/src/render/mod.rs
expression: screen_text(&buf)
---
╭ hub errors ──────────────────────────────────────────────────────────────────╮
│● check / fmt · failed                                                        │
│● check / fmt · failed                                                        │
│                                                                              │
│                                                                              │
│                                                                              │
│                                                                              │
│                                                                              │
│                                                                              │
│                                                                              │
│                                                                              │
│                                                                              │
│                                                                              │
╰──────────────────────────────────────────────────────────────────────────────╯
1/2 · Press ↩ to open https://github.com/ooloth/hub/actions/runs/25608685802 · P
