---
source: ui/tui/src/render/mod.rs
expression: screen_text(&buf)
---
╭ All ─────────────────────────────────────────────────────────────────────────╮
│                                                                              │
│                                                                              │
│      ╭ Title ─────────────────────────────────────────────────────────╮      │
│      │                                                                │      │
│      ╰────────────────────────────────────────────────────────────────╯      │
│      ╭ Description ───────────────────────────────────────────────────╮      │
│      │                                                                │      │
│      │                                                                │      │
│      │                                                                │      │
│      ╰────────────────────────────────────────────────────────────────╯      │
│      ╭ Kind  [Space] cycle ───────────────────────────────────────────╮      │
│      │  General                                                       │      │
│      ╰────────────────────────────────────────────────────────────────╯      │
│      ╭ Issue link ────────────────────────────────────────────────────╮      │
│      │                                                                │      │
│      ╰────────────────────────────────────────────────────────────────╯      │
│      ╭────────────────────────────────────────────────────────────────╮      │
│      │  [ Ctrl+Enter to create ]                                      │      │
│      ╰────────────────────────────────────────────────────────────────╯      │
│                                                                              │
│                                                                              │
╰──────────────────────────────────────────────────────────────────────────────╯
  · [↩] details · [p] prs · [O] issues · [e] errors · [/] search
