---
source: ui/tui/src/render/mod.rs
expression: screen_text(&buf)
---
╭ hub errors ──────────────────────────────────────────────────────────────────╮
│ooloth/hub · check / fmt · failed                                             │
│ooloth/hub · check / fmt · failed                                             │
│                                                                              │
│                                                                              │
│                                                                              │
│                                                                              │
│                                                                              │
│                                                                              │
│                                                                              │
│                                                                              │
│                                                                              │
│                                                                              │
╰──────────────────────────────────────────────────────────────────────────────╯
 2/2 · [↩] open · [i] investigate
