---
source: ui/tui/src/render/mod.rs
expression: screen_text(&buf)
---
╭ #102 · Add PrDetail screen ────────────────────────────────────── ooloth/hub ╮
│                                                                              │
│## Summary                                                                    │
│                                                                              │
│Adds a detail screen for PRs.                                                 │
│                                                                              │
│## Why                                                                        │
│                                                                              │
│Readability from terminal without leaving the TUI.                            │
│                                                                              │
│                                                                              │
│                                                                              │
│                                                                              │
│                                                                              │
│                                                                              │
│                                                                              │
│                                                                              │
│                                                                              │
╰ 0 reviews · 2 comments ──────────────────────────────────────── @ooloth · 1d ╯
  [↩] open · [i] investigate · [l] lazygit · [v] review · [m] merge · [Esc] bac
