---
source: ui/tui/src/render/mod.rs
expression: screen_text(&buf)
---
╭ All ─────────────────────────────────────────────────────────────────────────╮
│CI · check / fmt · failed                                     ooloth/hub · now│
├──────────────────────────────────────────────────────────────────────────────┤
│PR · Fix #1 · alice · 0 reviews                               owner/repo · now│
│                                                                              │
│                                                                              │
│                                                                              │
│                                                                              │
│                                                                              │
│                                                                              │
│                                                                              │
│                                                                              │
│                                                                              │
╰──────────────────────────────────────────────────────────────────────────────╯
 2/2 · [↩] open · [i] investigate
