---
source: ui/tui/src/render/mod.rs
expression: screen_text(&buf)
---
╭ All ─────────────────────────────────────────────────────────────────────────╮
│                                                                              │
│      ╭ Title ─────────────────────────────────────────────────────────╮      │
│      │Fix auth bug                                                    │      │
│      ╰────────────────────────────────────────────────────────────────╯      │
│      ╭ Description ───────────────────────────────────────────────────╮      │
│      │Auth is broken in prod                                          │      │
│      │                                                                │      │
│      │                                                                │      │
│      ╰────────────────────────────────────────────────────────────────╯      │
│      ╭ Kind  [Space] cycle ───────────────────────────────────────────╮      │
│      │Debug                                                           │      │
│      ╰────────────────────────────────────────────────────────────────╯      │
│      ╭ Repo  [↑↓] type to filter ─────────────────────────────────────╮      │
│      │(none)                                                          │      │
│      ╰────────────────────────────────────────────────────────────────╯      │
│      ╭ Link ──────────────────────────────────────────────────────────╮      │
│      │https://github.com/org/repo/issues/1                            │      │
│      ╰────────────────────────────────────────────────────────────────╯      │
│      ╭────────────────────────────────────────────────────────────────╮      │
│      │                             SUBMIT                             │      │
│      ╰────────────────────────────────────────────────────────────────╯      │
╰──────────────────────────────────────────────────────────────────────────────╯
  · [↩] details · [n/N] new task · [p] prs · [O] issues · [e] errors · [/] sear
