---
source: ui/tui/src/render/mod.rs
expression: screen_text(&buf)
---
╭ PRs · 3 · split (v1) ────────────────────────────────────────────────────────────────╮╭ #1 · first PR with conflict marker ─────────────────────────────────────────────────────── @ooloth · 2d ╮
│ ●  no reviews · 2d                                                                   ││                                                                                                         │
│    first PR with conflict marker                                                     ││Body of PR #1.                                                                                           │
│    ooloth/hub · #1                                                                   ││                                                                                                         │
│ ─────────────────────────────────────────────────────────────────────────────────────││                                                                                                         │
│ ●  no reviews · 2d                                                                   ││                                                                                                         │
│    second PR awaiting reviews                                                        ││                                                                                                         │
│    ooloth/hub · #2                                                                   ││                                                                                                         │
│ ─────────────────────────────────────────────────────────────────────────────────────││                                                                                                         │
│ ●  no reviews · 2d                                                                   ││                                                                                                         │
│    third PR fresh                                                                    ││                                                                                                         │
│    ooloth/hub · #3                                                                   ││                                                                                                         │
│                                                                                      ││                                                                                                         │
│                                                                                      ││                                                                                                         │
│                                                                                      ││                                                                                                         │
│                                                                                      ││                                                                                                         │
│                                                                                      ││                                                                                                         │
│                                                                                      ││                                                                                                         │
│                                                                                      ││                                                                                                         │
│                                                                                      ││                                                                                                         │
│                                                                                      ││                                                                                                         │
│                                                                                      ││                                                                                                         │
│                                                                                      ││                                                                                                         │
│                                                                                      ││                                                                                                         │
│                                                                                      ││                                                                                                         │
│                                                                                      ││                                                                                                         │
│                                                                                      ││                                                                                                         │
│                                                                                      ││                                                                                                         │
│                                                                                      ││                                                                                                         │
│                                                                                      ││                                                                                                         │
│                                                                                      ││                                                                                                         │
│                                                                                      ││                                                                                                         │
│                                                                                      ││                                                                                                         │
│                                                                                      ││                                                                                                         │
│                                                                                      ││                                                                                                         │
│                                                                                      ││                                                                                                         │
│                                                                                      ││                                                                                                         │
│                                                                                      ││                                                                                                         │
╰──────────────────────────────────────────────────────────────────────────────────────╯╰ 0 reviews ────────────────────────────────────────────────────────────────────────────────── ooloth/hub ╯
 1/3 · [i] investigate
