---
source: ui/tui/src/render/mod.rs
expression: screen_text(&buf)
---
╭───────────────────────────────────────────────┬──────────────────────────────╮
│## Summary                                     │ checks     ⏳  pending        │
│                                               │ status     Approved          │
│Adds a detail screen for PRs.                  │ reviews    1 approval        │
│                                               │ comments   2 comments        │
│## Why                                         │ diff       +0 −0 in 0 files  │
│                                               │ author     @ooloth           │
│Readability from terminal without leaving the  │ updated    1d ago            │
╰───────────────────────────────────────────────┴──────────────────────────────╯
  [o] open · [d] diff · [v] review · [m] merge · [i] ask · [Esc] back
