---
source: ui/tui/src/render/mod.rs
expression: screen_text(&buf)
---
╭───────────────────────────────────────────────┬──────────────────────────────╮
│## Summary                                     │ checks     ✓ passing         │
│                                               │ status     0 reviews         │
│Adds a detail screen for PRs.                  │ comments   2 comments        │
│                                               │ diff       +0 −0 in 0 files  │
│## Why                                         │ author     @ooloth           │
│                                               │ updated    1d ago            │
│Readability from terminal without leaving the  │ repo       ooloth/hub        │
╰───────────────────────────────────────────────┴──────────────────────────────╯
  [o] open · [d] diff · [v] review · [m] merge · [i] ask · [Esc] back
