---
source: ui/tui/src/render/mod.rs
expression: screen_text(&buf)
---
╭ All ─────────────────────────────────────────────────────────────────────────╮
│Agent · TASK-0001 · Implement feature X backlog · implement                now│
│Agent · TASK-0001 · Implement feature X ready · implement                  now│
│                                                                              │
│                                                                              │
│                                                                              │
│                                                                              │
│                                                                              │
│                                                                              │
│                                                                              │
│                                                                              │
│                                                                              │
│                                                                              │
╰──────────────────────────────────────────────────────────────────────────────╯
 1/2 · [↩] details · [s] status · [n/N] new task · [p] prs · [O] issues · [e] e
