---
source: ui/tui/src/render/mod.rs
expression: screen_text(&buf)
---
╭ All ─────────────────────────────────────────────────────────────────────────────────────────────────────────────────╮
│PR · Fix #1 · alice · no reviews                                                                      owner/repo · now│
├──────────────────────────────────────────────────────────────────────────────────────────────────────────────────────┤
│CI · check / fmt · failed                                                                             ooloth/hub · now│
│                                                                                                                      │
│                                                                                                                      │
│                                                                                                                      │
│                                                                                                                      │
│                                                                                                                      │
│                                                                                                                      │
│                                                                                                                      │
│                                                                                                                      │
│                                                                                                                      │
│                                                                                                                      │
│                                                                                                                      │
│                                                                                                                      │
│                                                                                                                      │
│                                                                                                                      │
╰──────────────────────────────────────────────────────────────────────────────────────────────────────────────────────╯
 1/2 · [↩] details · [p] prs · [O] issues · [e] errors · [/] search · [i] investigate
