---
source: ui/tui/src/render/mod.rs
expression: screen_text(&buf)
---
╭ All ─────────────────────────────────────────────────────────────────────────╮
│Agent · TASK-0001 · Implement feature X done · implement                   now│
╰──────────────────────────────────────────────────────────────────────────────╯
╭───────────────────────────────────────────────┬──────────────────────────────╮
│No session data yet.                           │ TASK-0001 · Implement feature│
│                                               │                              │
│                                               │ status  done                 │
│                                               │ kind    implement            │
│                                               │                              │
│                                               │ age     now                  │
│                                               │                              │
│                                               │                              │
│                                               │                              │
╰───────────────────────────────────────────────┴──────────────────────────────╯
 TASK-0001 · status  [b] backlog · [l] blocked · [c] cancelled · [i] in-progres
