---
source: ui/tui/src/render/mod.rs
expression: screen_text(&buf)
---
╭ Fix typo in README ──────────────────────────────────────── ooloth/hub · #99 ╮
│                                                                              │
│(no description)                                                              │
│                                                                              │
│                                                                              │
│                                                                              │
│                                                                              │
│                                                                              │
│                                                                              │
│                                                                              │
│                                                                              │
│                                                                              │
│                                                                              │
╰ No reviews ──────────────────────────────────────────────────── @ooloth · 5h ╯
  [↩] open · [i] investigate · [m] merge · [Esc] back
