---
source: ui/tui/src/render/mod.rs
expression: screen_text(&buf)
---
╭ All ─────────────────────────────────────────────────────────────────────────╮
│Agent · TASK-0001 · Implement feature X backlog · implement                now│
╰──────────────────────────────────────────────────────────────────────────────╯
╭───────────────────────────────────────────────┬──────────────────────────────╮
│No session data yet.                           │ TASK-0001 · Implement feature│
│                                               │                              │
│                                               │ status  backlog              │
│                                               │ kind    implement            │
│                                               │                              │
│                                               │ created                      │
│                                               │ updated                      │
│                                               │ age     now                  │
│                                               │                              │
╰───────────────────────────────────────────────┴──────────────────────────────╯
 TASK-0001 · status  [l] blocked · [c] cancelled · [d] done · [f] failed · [i]
