---
source: ui/tui/src/render/mod.rs
expression: screen_text(&buf)
---
╭ #102 · Add PrDetail screen ──────────────────────────────────── @ooloth · 1d ╮
│                                                                              │
│## Summary                                                                    │
│                                                                              │
│Adds a detail screen for PRs.                                                 │
│                                                                              │
│## Why                                                                        │
│                                                                              │
│Readability from terminal without leaving the TUI.                            │
│                                                                              │
│── top-level comments ────────────────────────────────────────────────────────│
│                                                                              │
│ @reviewer · 1d                                                               │
│ Looks good overall, a few nits below.                                        │
│                                                                              │
│ @reviewer2 · 6h                                                              │
│ LGTM from my side.                                                           │
│                                                                              │
│── src/main.rs ──────────────────────────────────────────────────────── +3 -1 │
│                                                                              │
│@@ -10,7 +10,9 @@                                                             │
│ context                                                                      │
│-old line                                                                     │
│+new line                                                                     │
│+another new                                                                  │
│+third new                                                                    │
│                                                                              │
│── assets/logo.png ──────────────────────────────────────────────────── +0 -0 │
│ (binary)                                                                     │
│                                                                              │
│                                                                              │
│                                                                              │
│                                                                              │
╰ 0 reviews · 2 comments · 2 files · +3 -1 ──────────────────────── ooloth/hub ╯
  [o] open · [d] diff · [v] review · [m] merge · [i] ask · [Esc] back
