---
source: ui/tui/src/render/mod.rs
expression: screen_text(&buf)
---
╭ All ─────────────────────────────────────────────────────────────────────────╮
│CI · check / fmt · failed                                     ooloth/hub · now│
├──────────────────────────────────────────────────────────────────────────────┤
│PR · Fix #1 · alice · no reviews                              owner/repo · now│
│                                                                              │
│                                                                              │
│                                                                              │
│                                                                              │
│                                                                              │
│                                                                              │
│                                                                              │
│                                                                              │
│                                                                              │
╰──────────────────────────────────────────────────────────────────────────────╯
 1/2 · [↩] details · [n/N] new task · [p] prs · [O] issues · [e] errors · [/] s
