---
source: ui/tui/src/render/mod.rs
expression: screen_text(&buf)
---
╭ PRs · 3 · split (v1) ────────────────────────────────────────────────────────────────╮╭ PR #3 · ooloth/hub ─────────────────────────────────────────────────────────────────────────────────────╮
│ ●  no reviews · 2d                                                                   ││third PR fresh                                                                                           │
│    first PR with conflict marker                                                     ││                                                                                                         │
│    ooloth/hub · #1                                                                   ││  status  ●  no reviews                                                                                  │
│ ─────────────────────────────────────────────────────────────────────────────────────││  checks     (none)                                                                                      │
│ ●  no reviews · 2d                                                                   ││  diff       +0 −0 in 0 files                                                                            │
│    second PR awaiting reviews                                                        ││  branch     feat/3                                                                                      │
│    ooloth/hub · #2                                                                   ││  author     @ooloth                                                                                     │
│ ─────────────────────────────────────────────────────────────────────────────────────││  updated    2d ago                                                                                      │
│ ●  no reviews · 2d                                                                   ││                                                                                                         │
│    third PR fresh                                                                    ││Files changed                                                                                            │
│    ooloth/hub · #3                                                                   ││                                                                                                         │
│                                                                                      ││  (no files)                                                                                             │
│                                                                                      ││                                                                                                         │
│                                                                                      ││─────────────────────────────────────────────────────────────────────────────────────────────────────────│
│                                                                                      ││                                                                                                         │
│                                                                                      ││Description                                                                                              │
│                                                                                      ││                                                                                                         │
│                                                                                      ││  Body of PR #3.                                                                                         │
│                                                                                      ││                                                                                                         │
│                                                                                      ││                                                                                                         │
│                                                                                      ││                                                                                                         │
│                                                                                      ││                                                                                                         │
│                                                                                      ││                                                                                                         │
│                                                                                      ││                                                                                                         │
│                                                                                      ││                                                                                                         │
│                                                                                      ││                                                                                                         │
│                                                                                      ││                                                                                                         │
│                                                                                      ││                                                                                                         │
│                                                                                      ││                                                                                                         │
│                                                                                      ││                                                                                                         │
│                                                                                      ││                                                                                                         │
│                                                                                      ││                                                                                                         │
│                                                                                      ││                                                                                                         │
│                                                                                      ││                                                                                                         │
│                                                                                      ││                                                                                                         │
│                                                                                      ││                                                                                                         │
│                                                                                      ││                                                                                                         │
╰──────────────────────────────────────────────────────────────────────────────────────╯╰─────────────────────────────────────────────────────────────────────────────────────────────────────────╯
  3/3 · [i] investigate · [o] octo · [l] lazygit · [Esc] back
