---
source: ui/tui/src/render/mod.rs
expression: screen_text(&buf)
---
╭ All ─────────────────────────────────────────────────────────────────────────╮
│PR · Fix #1 · alice · no reviews                              owner/repo · now│
│PR · Fix #1 · alice · no reviews                              owner/repo · now│
│PR · Fix #1 · alice · no reviews                              owner/repo · now│
│PR · Fix #1 · alice · no reviews                              owner/repo · now│
│PR · Fix #1 · alice · no reviews                              owner/repo · now│
│PR · Fix #1 · alice · no reviews                              owner/repo · now│
│PR · Fix #1 · alice · no reviews                              owner/repo · now│
│PR · Fix #1 · alice · no reviews                              owner/repo · now│
│PR · Fix #1 · alice · no reviews                              owner/repo · now│
│PR · Fix #1 · alice · no reviews                              owner/repo · now│
│PR · Fix #1 · alice · no reviews                              owner/repo · now│
│PR · Fix #1 · alice · no reviews                              owner/repo · now│
╰──────────────────────────────────────────────────────────────────────────────╯
 15/15 · [↩] details · [n/N] new task · [p] prs · [O] issues · [e] errors · [/]
