---
source: ui/tui/src/render/mod.rs
expression: screen_text(&buf)
---
╭ PRs · 0 · split (v1) ───────────────────────────────────────────────────────────────────────────────────────────────────────────────────────────────────────────────────────────────────────────╮
│No PRs available.                                                                                                                                                                                │
│                                                                                                                                                                                                 │
│                                                                                                                                                                                                 │
│                                                                                                                                                                                                 │
│                                                                                                                                                                                                 │
│                                                                                                                                                                                                 │
│                                                                                                                                                                                                 │
│                                                                                                                                                                                                 │
│                                                                                                                                                                                                 │
│                                                                                                                                                                                                 │
│                                                                                                                                                                                                 │
│                                                                                                                                                                                                 │
│                                                                                                                                                                                                 │
│                                                                                                                                                                                                 │
│                                                                                                                                                                                                 │
│                                                                                                                                                                                                 │
│                                                                                                                                                                                                 │
│                                                                                                                                                                                                 │
│                                                                                                                                                                                                 │
│                                                                                                                                                                                                 │
│                                                                                                                                                                                                 │
│                                                                                                                                                                                                 │
│                                                                                                                                                                                                 │
│                                                                                                                                                                                                 │
│                                                                                                                                                                                                 │
│                                                                                                                                                                                                 │
│                                                                                                                                                                                                 │
│                                                                                                                                                                                                 │
│                                                                                                                                                                                                 │
│                                                                                                                                                                                                 │
│                                                                                                                                                                                                 │
│                                                                                                                                                                                                 │
│                                                                                                                                                                                                 │
│                                                                                                                                                                                                 │
│                                                                                                                                                                                                 │
│                                                                                                                                                                                                 │
│                                                                                                                                                                                                 │
╰─────────────────────────────────────────────────────────────────────────────────────────────────────────────────────────────────────────────────────────────────────────────────────────────────╯
  [Esc] back
