---
source: ui/tui/src/render/mod.rs
expression: screen_text(&buf)
---
╭ All ─────────────────────────────────────────────────────────────────────────╮
│                                                                              │
│                                                                              │
│      ╭ Title ─────────────────────────────────────────────────────────╮      │
│      │Button misaligned on mobile                                     │      │
│      ╰────────────────────────────────────────────────────────────────╯      │
│      ╭ Description ───────────────────────────────────────────────────╮      │
│      │Issue #7 · org/hub                                              │      │
│      │author: bob                                                     │      │
│      │                                                                │      │
│      ╰────────────────────────────────────────────────────────────────╯      │
│      ╭ Kind  [Space] cycle ───────────────────────────────────────────╮      │
│      │Implement                                                       │      │
│      ╰────────────────────────────────────────────────────────────────╯      │
│      ╭ Link ──────────────────────────────────────────────────────────╮      │
│      │https://github.com/org/hub/issues/7                             │      │
│      ╰────────────────────────────────────────────────────────────────╯      │
│      ╭────────────────────────────────────────────────────────────────╮      │
│      │                             SUBMIT                             │      │
│      ╰────────────────────────────────────────────────────────────────╯      │
│                                                                              │
│                                                                              │
╰──────────────────────────────────────────────────────────────────────────────╯
  · [↩] details · [n/N] new task · [p] prs · [O] issues · [e] errors · [/] sear
