---
source: ui/tui/src/render/mod.rs
expression: screen_text(&buf)
---
╭ PRs ────────────────────────────────────────────────────────────────────────┬───────────────────────────────────────────────────────────────────────────────────────────────────────────────────╮
│ ●  first PR with conflict marker                                            │ PR #1 · ooloth/hub                                                                                                │
│    ooloth/hub · #1 · @ooloth · 0 reviews                                    │                                                                                                                   │
│ ────────────────────────────────────────────────────────────────────────────│ first PR with conflict marker                                                                                     │
│ ●  second PR awaiting reviews                                               │                                                                                                                   │
│    ooloth/hub · #2 · @ooloth · 0 reviews                                    │ status  ●  0 reviews                                                                                              │
│ ────────────────────────────────────────────────────────────────────────────│ checks     (none)                                                                                                 │
│ ●  third PR fresh                                                           │ diff       +0 −0 in 0 files                                                                                       │
│    ooloth/hub · #3 · @ooloth · 0 reviews                                    │ branch     feat/1                                                                                                 │
│                                                                             │ author     @ooloth                                                                                                │
│                                                                             │ updated    2d ago                                                                                                 │
│                                                                             │                                                                                                                   │
│                                                                             │ Files changed                                                                                                     │
│                                                                             │                                                                                                                   │
│                                                                             │ (no files)                                                                                                        │
│                                                                             │                                                                                                                   │
│                                                                             │ ──────────────────────────────────────────────────────────────────────────────────────────────────────────────────│
│                                                                             │                                                                                                                   │
│                                                                             │ Description                                                                                                       │
│                                                                             │                                                                                                                   │
│                                                                             │   Body of PR #1.                                                                                                  │
│                                                                             │                                                                                                                   │
│                                                                             │                                                                                                                   │
│                                                                             │                                                                                                                   │
│                                                                             │                                                                                                                   │
│                                                                             │                                                                                                                   │
│                                                                             │                                                                                                                   │
│                                                                             │                                                                                                                   │
│                                                                             │                                                                                                                   │
│                                                                             │                                                                                                                   │
│                                                                             │                                                                                                                   │
│                                                                             │                                                                                                                   │
│                                                                             │                                                                                                                   │
│                                                                             │                                                                                                                   │
│                                                                             │                                                                                                                   │
│                                                                             │                                                                                                                   │
│                                                                             │                                                                                                                   │
│                                                                             │                                                                                                                   │
╰─────────────────────────────────────────────────────────────────────────────┴───────────────────────────────────────────────────────────────────────────────────────────────────────────────────╯
  1/3 · [o] open · [d] diff · [v] review · [m] merge · [i] ask · [Esc] back
