---
source: ui/tui/src/render/mod.rs
expression: screen_text(&buf)
---
╭ Add PrDetail screen ✓ ──────────────────────────────────── ooloth/hub · #102 ╮
│                                                                              │
│## Summary                                                                    │
│                                                                              │
│Adds a detail screen for PRs.                                                 │
│                                                                              │
│## Why                                                                        │
│                                                                              │
╰ No reviews · 2 comments ─────────────────────────────────────── @ooloth · 1d ╯
  [↩] open · [i] investigate · [Esc] back
