---
source: ui/tui/src/render/mod.rs
expression: screen_text(&buf)
---
╭ Errors ──────────────────────────────────────────────────────────────────────╮
│● ooloth/hub · CI · check / fmt · failed  ↩ to open · i to investigate        │
│                                                                              │
│                                                                              │
│                                                                              │
│                                                                              │
│                                                                              │
│                                                                              │
│                                                                              │
│                                                                              │
│                                                                              │
│                                                                              │
│                                                                              │
╰──────────────────────────────────────────────────────────────────────────────╯
1/1 · Press ↩ to open https://github.com/ooloth/hub/actions/runs/25608685802 · P
