---
source: ui/tui/src/render/mod.rs
expression: screen_text(&buf)
---
╭ All ─────────────────────────────────────────────────────────────────────────╮
│                                                                              │
│      ╭ Title ─────────────────────────────────────────────────────────╮      │
│      │org/hub: build / run tests                                      │      │
│      ╰────────────────────────────────────────────────────────────────╯      │
│      ╭ Description ───────────────────────────────────────────────────╮      │
│      │CI failure · org/hub                                            │      │
│      │workflow: CI                                                    │      │
│      │job: build / run tests                                          │      │
│      ╰────────────────────────────────────────────────────────────────╯      │
│      ╭ Kind  [Space] cycle ───────────────────────────────────────────╮      │
│      │Debug                                                           │      │
│      ╰────────────────────────────────────────────────────────────────╯      │
│      ╭ Repo  [↑↓] type to filter ─────────────────────────────────────╮      │
│      │(none)                                                          │      │
│      ╰────────────────────────────────────────────────────────────────╯      │
│      ╭ Link ──────────────────────────────────────────────────────────╮      │
│      │https://github.com/org/hub/actions/runs/99                      │      │
│      ╰────────────────────────────────────────────────────────────────╯      │
│      ╭────────────────────────────────────────────────────────────────╮      │
│      │                             SUBMIT                             │      │
│      ╰────────────────────────────────────────────────────────────────╯      │
╰──────────────────────────────────────────────────────────────────────────────╯
  · [↩] details · [n/N] new task · [p] prs · [O] issues · [e] errors · [/] sear
