---
source: ui/tui/src/render/mod.rs
expression: screen_text(&buf)
---
╭ "hub" ───────────────────────────────────────────────────────────────────────╮
│CI · check / fmt · failed                                     ooloth/hub · now│
│                                                                              │
│                                                                              │
│                                                                              │
│                                                                              │
│                                                                              │
│                                                                              │
│                                                                              │
│                                                                              │
│                                                                              │
│                                                                              │
│                                                                              │
╰──────────────────────────────────────────────────────────────────────────────╯
 1/1 · [↩] open · [i] investigate
