---
source: ui/tui/src/render/mod.rs
expression: screen_text(&buf)
---
╭ PRs · 3 · split (v1) ───────────────────────────────────────────────────────┬───────────────────────────────────────────────────────────────────────────────────────────────────────────────────╮
│ ●  first PR with conflict marker                                            │ PR #3 · ooloth/hub                                                                                                │
│    ooloth/hub · #1 · @ooloth · no reviews                                   │                                                                                                                   │
│ ────────────────────────────────────────────────────────────────────────────│ third PR fresh                                                                                                    │
│ ●  second PR awaiting reviews                                               │                                                                                                                   │
│    ooloth/hub · #2 · @ooloth · no reviews                                   │   status  ●  no reviews                                                                                           │
│ ────────────────────────────────────────────────────────────────────────────│   checks     (none)                                                                                               │
│ ●  third PR fresh                                                           │   diff       +0 −0 in 0 files                                                                                     │
│    ooloth/hub · #3 · @ooloth · no reviews                                   │   branch     feat/3                                                                                               │
│                                                                             │   author     @ooloth                                                                                              │
│                                                                             │   updated    2d ago                                                                                               │
│                                                                             │                                                                                                                   │
│                                                                             │ Files changed                                                                                                     │
│                                                                             │                                                                                                                   │
│                                                                             │   (no files)                                                                                                      │
│                                                                             │                                                                                                                   │
│                                                                             │ ──────────────────────────────────────────────────────────────────────────────────────────────────────────────────│
│                                                                             │                                                                                                                   │
│                                                                             │ Description                                                                                                       │
│                                                                             │                                                                                                                   │
│                                                                             │   Body of PR #3.                                                                                                  │
│                                                                             │                                                                                                                   │
│                                                                             │                                                                                                                   │
│                                                                             │                                                                                                                   │
│                                                                             │                                                                                                                   │
│                                                                             │                                                                                                                   │
│                                                                             │                                                                                                                   │
│                                                                             │                                                                                                                   │
│                                                                             │                                                                                                                   │
│                                                                             │                                                                                                                   │
│                                                                             │                                                                                                                   │
│                                                                             │                                                                                                                   │
│                                                                             │                                                                                                                   │
│                                                                             │                                                                                                                   │
│                                                                             │                                                                                                                   │
│                                                                             │                                                                                                                   │
│                                                                             │                                                                                                                   │
│                                                                             │                                                                                                                   │
╰─────────────────────────────────────────────────────────────────────────────┴───────────────────────────────────────────────────────────────────────────────────────────────────────────────────╯
  3/3 · [i] investigate · [o] octo · [l] lazygit · [v] review · [m] merge · [Esc] back
