---
source: ui/tui/src/render/mod.rs
expression: screen_text(&buf)
---
╭ All ─────────────────────────────────────────────────────────────────────────────────────────────────────────────────╮
│Agent · TASK-0001 · Fix auth bug in-review · implement                                                             now│
╰──────────────────────────────────────────────────────────────────────────────────────────────────────────────────────╯
╭───────────────────────────────────────────────────────────────────────┬──────────────────────────────────────────────╮
│No session data yet.                                                   │ TASK-0001 · Fix auth bug                     │
│                                                                       │                                              │
│                                                                       │ status  in-review                            │
│                                                                       │ kind    implement                            │
│                                                                       │                                              │
│                                                                       │ age     now                                  │
│                                                                       │                                              │
│                                                                       │ ── comments ──────────────────────           │
│                                                                       │                                              │
│                                                                       │ 2026-06-04 10:30  agent                      │
│                                                                       │ Found the issue in auth.rs.                  │
│                                                                       │                                              │
│                                                                       │ 2026-06-04 11:00  agent                      │
│                                                                       │ Fixed. Token refresh wired in middleware.    │
│                                                                       │ All tests pass.                              │
│                                                                       │                                              │
│                                                                       │                                              │
│                                                                       │                                              │
│                                                                       │                                              │
│                                                                       │                                              │
│                                                                       │                                              │
│                                                                       │                                              │
│                                                                       │                                              │
│                                                                       │                                              │
╰───────────────────────────────────────────────────────────────────────┴──────────────────────────────────────────────╯
 1/1 · [s] status · [Esc] back
