---
source: ui/tui/src/render/mod.rs
expression: screen_text(&buf)
---
╭ All ─────────────────────────────────────────────────────────────────────────╮
│● ooloth/hub · CI · check / fmt · failed                                      │
├──────────────────────────────────────────────────────────────────────────────┤
│● owner/repo · Fix (#1) [TO REVIEW]  ↩ to open                                │
│                                                                              │
│                                                                              │
│                                                                              │
│                                                                              │
│                                                                              │
│                                                                              │
│                                                                              │
│                                                                              │
│                                                                              │
╰──────────────────────────────────────────────────────────────────────────────╯
2/2 · Press ↩ to open https://github.com/owner/repo/pull/1
