---
source: ui/tui/src/render/mod.rs
expression: screen_text(&buf)
---
╭ Add PrDetail screen ────────────────────────────────────── ooloth/hub · #102 ╮
│                                                                              │
│## Summary                                                                    │
│                                                                              │
│Adds a detail screen for PRs.                                                 │
│                                                                              │
│## Why                                                                        │
│                                                                              │
│Readability from terminal without leaving the TUI.                            │
│                                                                              │
│── src/main.rs ──────────────────────────────────────────────────────── +3 -1 │
│                                                                              │
│@@ -10,7 +10,9 @@                                                             │
│ context                                                                      │
│-old line                                                                     │
│+new line                                                                     │
│+another new                                                                  │
│+third new                                                                    │
│                                                                              │
│── assets/logo.png ──────────────────────────────────────────────────── +0 -0 │
│ (binary)                                                                     │
│                                                                              │
│ … and 148 more files not shown                                               │
│                                                                              │
│                                                                              │
│                                                                              │
│                                                                              │
│                                                                              │
╰ 0 reviews · 2 comments · 150 files · +3 -1 ──────────────────── @ooloth · 1d ╯
  [↩] open · [i] investigate · [l] lazygit · [v] review · [m] merge · [Esc] bac
