---
source: ui/tui/src/render/mod.rs
expression: screen_text(&buf)
---
╭ All ─────────────────────────────────────────────────────────────────────────╮
│CI · check / fmt · failed                                     ooloth/hub · now│
│         ┌ Keybinds ───────────────────────────────────────────────┐          │
│         │  ?                 toggle help                          │          │
│         │  k / j             up / down                            │          │
│         │  gg / G            go to top / bottom                   │          │
│         │  Ctrl-u / Ctrl-d   page up / down                       │          │
│         │  h / l             collapse / expand group              │          │
│         │  Enter             open                                 │          │
│         │  i                 investigate                          │          │
│         │  n                 new task (seeded from selected row)  │          │
│         │  N                 new task (blank)                     │          │
│         │  p / e / o         filter PRs / Errors / Issues         │          │
│         │  /                 search                               │          │
│         │  a / Esc           clear filter                         │          │
│         │  r                 refresh                              │          │
│         │  q / Ctrl-C        quit                                 │          │
│         └─────────────────────────────────────────────────────────┘          │
╰──────────────────────────────────────────────────────────────────────────────╯
 1/1 · [↩] details · [n/N] new task · [p] prs · [O] issues · [e] errors · [/] s
