---
source: ui/tui/src/render/mod.rs
expression: screen_text(&buf)
---
╭ No description issue ────────────────────────────────────────────────────────╮
│(no description)                                                              │
│                                                                              │
│                                                                              │
│                                                                              │
│                                                                              │
│                                                                              │
│                                                                              │
│                                                                              │
│                                                                              │
│                                                                              │
│                                                                              │
│                                                                              │
╰ ooloth/hub · #7 · now ───────────────────────────────────────────────────────╯
  [a] approve · [o] open · [Esc] back
